GL 4.1 Metal - 89.4 / Apple M4 Pro
TRACE frame=0 bass=10 q1=1.2 q3=0 basstime=1000.24
WAVE frame=0 q1=1.2 x=-0.770174,0.000644815 y=-8.27014,0.000124218 inside=170 finite=512
render_error=0
capture_error=0
TRACE frame=1 bass=4.61591 q1=4001.51 q3=0 basstime=1000.52
WAVE frame=1 q1=4001.51 x=-0.00194842,1.69372 y=-0.000820369,3.16401 inside=322 finite=512
TRACE frame=2 bass=3.59416 q1=4002.51 q3=0 basstime=1000.73
WAVE frame=2 q1=4002.51 x=-0.0015882,1.27196 y=-0.00423815,0.808143 inside=472 finite=512
TRACE frame=3 bass=2.88167 q1=4003.28 q3=0 basstime=1000.91
WAVE frame=3 q1=4003.28 x=-0.00159542,0.775538 y=-0.0894967,0.0379785 inside=512 finite=512
TRACE frame=30 bass=0.737742 q1=4010.71 q3=0.237849 basstime=1002.7
WAVE frame=30 q1=4010.71 x=-0.756429,0.00226954 y=-2.83611,0.00574501 inside=342 finite=512
TRACE frame=60 bass=0.577418 q1=4017.85 q3=1.72741 basstime=1004.48
WAVE frame=60 q1=4017.85 x=-0.00174016,3.82521 y=-7.98081,0.00516424 inside=174 finite=512
TRACE frame=90 bass=0.408812 q1=4023.95 q3=0.0743459 basstime=1006
WAVE frame=90 q1=4023.95 x=-0.00211515,3.68112 y=-0.0106612,14.4898 inside=127 finite=512
TRACE frame=120 bass=0.783786 q1=4031.5 q3=0.114711 basstime=1007.91
WAVE frame=120 q1=4031.5 x=-0.00205322,3.47093 y=-0.000284013,6.22664 inside=199 finite=512
TRACE frame=150 bass=1.03374 q1=4038.57 q3=0.280354 basstime=1009.67
WAVE frame=150 q1=4038.57 x=-0.0014102,0.185624 y=-0.00379506,0.341235 inside=512 finite=512
TRACE frame=180 bass=0.665481 q1=4044.38 q3=0.0843465 basstime=1011.11
WAVE frame=180 q1=4044.38 x=-3.40745,0.00257808 y=-3.4572,0.00276714 inside=309 finite=512
TRACE frame=210 bass=0.378318 q1=4049.99 q3=0.0326563 basstime=1012.51
WAVE frame=210 q1=4049.99 x=-6.48909,0.00112074 y=-3.47165,-1.59169e-05 inside=197 finite=512
TRACE frame=240 bass=1.21451 q1=4056.99 q3=1.4549 basstime=1014.28
WAVE frame=240 q1=4056.99 x=-0.000957715,7.91686 y=-15.0028,0.00324109 inside=121 finite=512
TRACE frame=270 bass=1.43866 q1=4064.22 q3=1.2074 basstime=1016.1
WAVE frame=270 q1=4064.22 x=-2.33513,0.000140292 y=-1.70055,0.00668213 inside=375 finite=512
TRACE frame=300 bass=1.05308 q1=4071.66 q3=0.419292 basstime=1017.95
WAVE frame=300 q1=4071.66 x=-0.043748,0.00579712 y=-1.4477,0.00157659 inside=450 finite=512
TRACE frame=330 bass=5.17099 q1=4079.96 q3=7.63904 basstime=1020.12
WAVE frame=330 q1=4079.96 x=-6.9149,0.00158683 y=-0.00105358,14.1635 inside=127 finite=512
TRACE frame=360 bass=1.02251 q1=4089.39 q3=0.39774 basstime=1022.41
WAVE frame=360 q1=4089.39 x=-4.50148,0.000642777 y=-18.315,0.00379132 inside=111 finite=512
TRACE frame=390 bass=0.946315 q1=4096.55 q3=0.248818 basstime=1024.17
WAVE frame=390 q1=4096.55 x=-0.37067,0.00125654 y=-1.09228,0.00128381 inside=497 finite=512
TRACE frame=420 bass=0.451617 q1=4103.1 q3=0.0538901 basstime=1025.79
WAVE frame=420 q1=4103.1 x=-0.00017295,1.17783 y=-0.00265284,1.98832 inside=398 finite=512
TRACE frame=450 bass=1.435 q1=4109.21 q3=4.255 basstime=1027.34
WAVE frame=450 q1=4109.21 x=-0.00187442,7.92357 y=-0.00289669,13.6994 inside=128 finite=512
TRACE frame=480 bass=0.862093 q1=4117.44 q3=1.08768 basstime=1029.39
WAVE frame=480 q1=4117.44 x=-4.99666,0.000270093 y=-0.00346607,4.41297 inside=230 finite=512
TRACE frame=510 bass=0.770436 q1=4126.06 q3=1.83439 basstime=1031.54
WAVE frame=510 q1=4126.06 x=-0.00719445,0.58853 y=-0.00892533,0.686415 inside=512 finite=512
TRACE frame=540 bass=0.485834 q1=4133.72 q3=0.07036 basstime=1033.45
WAVE frame=540 q1=4133.72 x=-0.104747,0.0162578 y=-0.00145357,2.24029 inside=382 finite=512
TRACE frame=570 bass=1.06699 q1=4142.28 q3=0.164139 basstime=1035.61
WAVE frame=570 q1=4142.28 x=-0.00191247,6.4307 y=-18.6371,0.0048306 inside=109 finite=512
frames=600 gl_error_frames=0
